Vagrant安装说明
Vagrant可以对Virtualbox的虚拟机进行统一部署管理。

安装说明
1.安装文件
https://www.vagrantup.com/
2.box文件
https://app.vagrantup.com/boxes/search（Vgrant Cloud）
http://www.vagrantbox.es/ (Vagrantの非公式サイト)

参考文章
https://weblabo.oscasierra.net/windows-vagrant-1/

3.部署Centos7

3.1在GitBash中，执行下面的命令，把box文件下载到本地
3.1.1# 从Vgrant Cloud中取得box文件
$ vagrant box add centos/7  
3.1.2#从vagrantbox.es中取得box文件
$ vagrant box add centos/7.0 https://github.com/tommy-muehle/puppet-vagrant-boxes/releases/download/1.1.0/centos-7.0-x86_64.box


3.2查看本地的box文件
$ vagrant box list
centos/7         (virtualbox, 1905.1)
centos/7.0       (virtualbox, 0)
generic/alpine38 (virtualbox, 2.0.6)


删除box文件
$ vagrant box remove generic/alpine38
Removing box 'generic/alpine38' (v2.0.6) with provider 'virtualbox'...


进入指定目录
$ mkdir centos7.0
$ cd centos7.0/
$ vagrant init centos/7.0

修改Vagrantfile 的网络设置
# Create a private network, which allows host-only access to the machine
# using a specific IP.
config.vm.network :private_network, ip: "192.168.33.10"

启动虚拟机
$ vagrant up

停止虚拟机
$ vagrant halt

删除虚拟机
$ vagrant destroy


如果目录中存在中文或日文，那么在启动虚拟机(vagrant up)时，有时会出现编码错误(有的镜像文件报错，有的不报错)
$ vagrant up

错误信息
中文目录出错信息：
==> default: Destroying VM and associated drives...
C:/HashiCorp/Vagrant/embedded/gems/2.2.7/gems/vagrant-2.2.7/lib/vagrant/util/io.rb:32:in `encode': "\x9C" followed by "2" on Windows-31J (Encoding::InvalidByteSequenceError)

日文目录出错信息：
==> default: Destroying VM and associated drives...
C:/HashiCorp/Vagrant/embedded/gems/2.2.7/gems/vagrant-2.2.7/lib/vagrant/util/io.rb:32:in `encode': "\x8B" followed by "\n" on Windows-31J (Encoding::InvalidByteSequenceError)


■自定义box文件
$ vagrant package centos-7.8.box

加载自定义的box文件
$ vagrant box add centos/7.8 centos-7.8.box

确认已有的box文件
$ vagrant box list
centos/7   (virtualbox, 1905.1)
centos/7.8 (virtualbox, 0)